
> trip-splitter@0.0.0 build
> tsc -b && vite build

[36mvite v8.0.0 [32mbuilding client environment for production...[36m[39m
[2K
transforming...Ô£ô 312 modules transformed.
rendering chunks...
computing gzip size...
dist/index.html                        0.70 kB Ôöé gzip:   0.41 kB
dist/assets/index-CM1ZwbUt.css        55.40 kB Ôöé gzip:   9.31 kB
dist/assets/chunk-DECur_0Z.js          0.68 kB Ôöé gzip:   0.41 kB
dist/assets/purify.es-DFivPf1X.js     21.03 kB Ôöé gzip:   8.47 kB
dist/assets/index.es-ngTqpGih.js     151.19 kB Ôöé gzip:  48.82 kB
dist/assets/index-CJ2WVfZH.js      2,597.30 kB Ôöé gzip: 735.79 kB

[32mÔ£ô built in 2.04s[39m
node.exe : [33m[plugin builtin:vite-reporter] 
No linha:1 caractere:1
+ & "C:\Program Files\nodejs/node.exe" "C:\Program 
Files\nodejs/node_mo ...
+ ~~~~~~~~~~~~~~~~~~~~~~~~~~~~~~~~~~~~~~~~~~~~~~~~~~~~~~~~
~~~~~~~~~~~~~
    + CategoryInfo          : NotSpecified: ([33m[plugin 
    builtin:vite-reporter] :String) [], RemoteException
    + FullyQualifiedErrorId : NativeCommandError
 
(!) Some chunks are larger than 500 kB after 
minification. Consider:
- Using dynamic import() to code-split the application
- Use build.rolldownOptions.output.codeSplitting to 
improve chunking: 
https://rolldown.rs/reference/OutputOptions.codeSplitting
- Adjust chunk size limit for this warning via 
build.chunkSizeWarningLimit.[39m
